Vaishnawi Pardeshi@IB-SEZ-LAP-938 MINGW32 ~/Desktop/Git Practice
$ git config --global user.name "Vaishnavi"

Vaishnawi Pardeshi@IB-SEZ-LAP-938 MINGW32 ~/Desktop/Git Practice
$ git config --global user.email "vaishnavi@gmail.com"

Vaishnawi Pardeshi@IB-SEZ-LAP-938 MINGW32 ~/Desktop/Git Practice
$ git config --list
pack.packsizelimit=2g
diff.astextplain.textconv=astextplain
filter.lfs.clean=git-lfs clean -- %f
filter.lfs.smudge=git-lfs smudge -- %f
filter.lfs.process=git-lfs filter-process
filter.lfs.required=true
http.sslbackend=openssl
http.sslcainfo=C:/Program Files (x86)/Git/mingw32/ssl/certs/ca-bundle.crt
core.autocrlf=true
core.fscache=true
core.symlinks=false
pull.rebase=false
credential.helper=manager-core
credential.https://dev.azure.com.usehttppath=true
init.defaultbranch=master
user.name=Vaishnavi
user.email=vaishnavi@gmail.com

Vaishnawi Pardeshi@IB-SEZ-LAP-938 MINGW32 ~/Desktop/Git Practice
$ git config user.name
Vaishnavi

Vaishnawi Pardeshi@IB-SEZ-LAP-938 MINGW32 ~/Desktop/Git Practice
$ git config user.email
vaishnavi@gmail.com

Vaishnawi Pardeshi@IB-SEZ-LAP-938 MINGW32 ~/Desktop/Git Practice
$ git init
Initialized empty Git repository in C:/Users/Vaishnawi Pardeshi/Desktop/Git Practice/.git/

Vaishnawi Pardeshi@IB-SEZ-LAP-938 MINGW32 ~/Desktop/Git Practice (master)
$ git status
On branch master

No commits yet

Untracked files:
  (use "git add <file>..." to include in what will be committed)
        Git Commands.txt
        MyDocsFile.docx
        MyExcelFile.xls

nothing added to commit but untracked files present (use "git add" to track)

Vaishnawi Pardeshi@IB-SEZ-LAP-938 MINGW32 ~/Desktop/Git Practice (master)
$ git add --a

Vaishnawi Pardeshi@IB-SEZ-LAP-938 MINGW32 ~/Desktop/Git Practice (master)
$ git status
On branch master

No commits yet

Changes to be committed:
  (use "git rm --cached <file>..." to unstage)
        new file:   Git Commands.txt
        new file:   MyDocsFile.docx
        new file:   MyExcelFile.xls


Vaishnawi Pardeshi@IB-SEZ-LAP-938 MINGW32 ~/Desktop/Git Practice (master)
$ git commit -m "Initial Commit"
[master (root-commit) 333d955] Initial Commit
 3 files changed, 33 insertions(+)
 create mode 100644 Git Commands.txt
 create mode 100644 MyDocsFile.docx
 create mode 100644 MyExcelFile.xls

Vaishnawi Pardeshi@IB-SEZ-LAP-938 MINGW32 ~/Desktop/Git Practice (master)
$ git status
On branch master
nothing to commit, working tree clean

Vaishnawi Pardeshi@IB-SEZ-LAP-938 MINGW32 ~/Desktop/Git Practice (master)
$ git log
commit 333d9550840f737e1abf5e2e06d6543bf450f005 (HEAD -> master)
Author: Vaishnavi <vaishnavi@gmail.com>
Date:   Mon Oct 31 18:18:50 2022 +0530

    Initial Commit

Vaishnawi Pardeshi@IB-SEZ-LAP-938 MINGW32 ~/Desktop/Git Practice (master)
$ git status
On branch master
Changes not staged for commit:
  (use "git add <file>..." to update what will be committed)
  (use "git restore <file>..." to discard changes in working directory)
        modified:   Git Commands.txt

no changes added to commit (use "git add" and/or "git commit -a")

Vaishnawi Pardeshi@IB-SEZ-LAP-938 MINGW32 ~/Desktop/Git Practice (master)
$ git status
On branch master
Changes not staged for commit:
  (use "git add <file>..." to update what will be committed)
  (use "git restore <file>..." to discard changes in working directory)
        modified:   Git Commands.txt
        modified:   MyExcelFile.xls

no changes added to commit (use "git add" and/or "git commit -a")

Vaishnawi Pardeshi@IB-SEZ-LAP-938 MINGW32 ~/Desktop/Git Practice (master)
$ git add Git Commands.txt
fatal: pathspec 'Git' did not match any files

Vaishnawi Pardeshi@IB-SEZ-LAP-938 MINGW32 ~/Desktop/Git Practice (master)
$ git add GitCommands.txt

Vaishnawi Pardeshi@IB-SEZ-LAP-938 MINGW32 ~/Desktop/Git Practice (master)
$ git status
On branch master
Changes to be committed:
  (use "git restore --staged <file>..." to unstage)
        new file:   GitCommands.txt

Changes not staged for commit:
  (use "git add/rm <file>..." to update what will be committed)
  (use "git restore <file>..." to discard changes in working directory)
        deleted:    Git Commands.txt
        modified:   MyExcelFile.xls


Vaishnawi Pardeshi@IB-SEZ-LAP-938 MINGW32 ~/Desktop/Git Practice (master)
$ git add GitCommands.txt

Vaishnawi Pardeshi@IB-SEZ-LAP-938 MINGW32 ~/Desktop/Git Practice (master)
$ git status
On branch master
Changes to be committed:
  (use "git restore --staged <file>..." to unstage)
        new file:   GitCommands.txt

Changes not staged for commit:
  (use "git add/rm <file>..." to update what will be committed)
  (use "git restore <file>..." to discard changes in working directory)
        deleted:    Git Commands.txt
        modified:   MyExcelFile.xls


Vaishnawi Pardeshi@IB-SEZ-LAP-938 MINGW32 ~/Desktop/Git Practice (master)
$ git commit -m "Change GitCommands.txt"
[master fe3e3d5] Change GitCommands.txt
 1 file changed, 80 insertions(+)
 create mode 100644 GitCommands.txt

Vaishnawi Pardeshi@IB-SEZ-LAP-938 MINGW32 ~/Desktop/Git Practice (master)
$ git status
On branch master
Changes not staged for commit:
  (use "git add/rm <file>..." to update what will be committed)
  (use "git restore <file>..." to discard changes in working directory)
        deleted:    Git Commands.txt
        modified:   MyExcelFile.xls

no changes added to commit (use "git add" and/or "git commit -a")

Vaishnawi Pardeshi@IB-SEZ-LAP-938 MINGW32 ~/Desktop/Git Practice (master)
$ git commit -m "Change made"
On branch master
Changes not staged for commit:
  (use "git add/rm <file>..." to update what will be committed)
  (use "git restore <file>..." to discard changes in working directory)
        deleted:    Git Commands.txt
        modified:   MyExcelFile.xls

no changes added to commit (use "git add" and/or "git commit -a")

Vaishnawi Pardeshi@IB-SEZ-LAP-938 MINGW32 ~/Desktop/Git Practice (master)
$ git add --a

Vaishnawi Pardeshi@IB-SEZ-LAP-938 MINGW32 ~/Desktop/Git Practice (master)
$ git status
On branch master
Changes to be committed:
  (use "git restore --staged <file>..." to unstage)
        deleted:    Git Commands.txt
        modified:   MyExcelFile.xls


Vaishnawi Pardeshi@IB-SEZ-LAP-938 MINGW32 ~/Desktop/Git Practice (master)
$ git commit -m "Change made in MyExcelFile.xls"
[master a0f2206] Change made in MyExcelFile.xls
 2 files changed, 33 deletions(-)
 delete mode 100644 Git Commands.txt

Vaishnawi Pardeshi@IB-SEZ-LAP-938 MINGW32 ~/Desktop/Git Practice (master)
$ git status
On branch master
nothing to commit, working tree clean


Vaishnawi Pardeshi@IB-SEZ-LAP-938 MINGW32 ~/Desktop/Git Practice
$ git status
fatal: not a git repository (or any of the parent directories): .git

Vaishnawi Pardeshi@IB-SEZ-LAP-938 MINGW32 ~/Desktop/Git Practice
$ git clone https://github.com/tensorflow/tensorflow.git
Cloning into 'tensorflow'...
remote: Enumerating objects: 1459672, done.
remote: Counting objects: 100% (545/545), done.
remote: Compressing objects: 100% (360/360), done.
remote: Total 1459672 (delta 264), reused 431 (delta 181), pack-reused 1459127
Receiving objects: 100% (1459672/1459672), 977.80 MiB | 2.61 MiB/s, done.
Resolving deltas: 100% (1184458/1184458), done.
Updating files: 100% (28187/28187), done.

Vaishnawi Pardeshi@IB-SEZ-LAP-938 MINGW32 ~/Desktop/Git Practice
$ git status
fatal: not a git repository (or any of the parent directories): .git

Vaishnawi Pardeshi@IB-SEZ-LAP-938 MINGW32 ~/Desktop/Git Practice
$ pwd
/c/Users/Vaishnawi Pardeshi/Desktop/Git Practice

Vaishnawi Pardeshi@IB-SEZ-LAP-938 MINGW32 ~/Desktop/Git Practice
$ ls
GitCommands.txt  MyDocsFile.docx  MyExcelFile.xls  tensorflow/

Vaishnawi Pardeshi@IB-SEZ-LAP-938 MINGW32 ~/Desktop/Git Practice
$ cd tensorflow/

Vaishnawi Pardeshi@IB-SEZ-LAP-938 MINGW32 ~/Desktop/Git Practice/tensorflow (master)
$ pwd
/c/Users/Vaishnawi Pardeshi/Desktop/Git Practice/tensorflow

Vaishnawi Pardeshi@IB-SEZ-LAP-938 MINGW32 ~/Desktop/Git Practice/tensorflow (master)
$ ls
AUTHORS             ISSUES.md          WORKSPACE           tensorflow/
BUILD               ISSUE_TEMPLATE.md  arm_compiler.BUILD  third_party/
CITATION.cff        LICENSE            configure*          tools/
CODEOWNERS          README.md          configure.cmd
CODE_OF_CONDUCT.md  RELEASE.md         configure.py
CONTRIBUTING.md     SECURITY.md        models.BUILD

Vaishnawi Pardeshi@IB-SEZ-LAP-938 MINGW32 ~/Desktop/Git Practice/tensorflow (master)
$ git status
On branch master
Your branch is up to date with 'origin/master'.

nothing to commit, working tree clean

Vaishnawi Pardeshi@IB-SEZ-LAP-938 MINGW32 ~/Desktop/Git Practice/tensorflow (master)
$ git status
On branch master
Your branch is up to date with 'origin/master'.

Changes not staged for commit:
  (use "git add <file>..." to update what will be committed)
  (use "git restore <file>..." to discard changes in working directory)
        modified:   .gitignore

no changes added to commit (use "git add" and/or "git commit -a")

Vaishnawi Pardeshi@IB-SEZ-LAP-938 MINGW32 ~/Desktop/Git Practice/tensorflow (master)
$ git log
commit 1eb8dad0ef72cacd283ede547712f2f4ad74b4fc (HEAD -> master)
Author: Vaishnavi <vaishnavi@gmail.com>
Date:   Wed Nov 2 12:49:54 2022 +0530

    Changed .gitignore


Note:
20)To ignore some files to track in git repository
 i) -> Create text file named ".gitignore" using command (if not exist): touch .gitignore
 ii)-> Add the name of the file to be ignore in .gitignore file

21)To ignore every file based on extension
 ii) -> Write *.<extension> in the .gitignore file
	example : if we want to ignore all files having .log extension
	open .gitignore file and add " *.log " in that file.  

22)To ignore folder inside git repository
 ii) -> Write <foldername>/ in the .gitignore file
	example : if we want to ignore all folder named "dir" inside git repository
	open .gitignore  file and add " dir/ " in that file.

23)To ignore outer folder inside git repository
 ii) -> Write /<foldername>/ in the .gitignore file
	example : if we want to ignore outer folder named "dir" inside git repository
	open .gitignore  file and add " /dir/ " in that file.


Vaishnawi Pardeshi@IB-SEZ-LAP-938 MINGW32 ~/Desktop/Git Practice
$ git status
fatal: not a git repository (or any of the parent directories): .git

Vaishnawi Pardeshi@IB-SEZ-LAP-938 MINGW32 ~/Desktop/Git Practice
$ git init
Initialized empty Git repository in C:/Users/Vaishnawi Pardeshi/Desktop/Git Practice/.git/

Vaishnawi Pardeshi@IB-SEZ-LAP-938 MINGW32 ~/Desktop/Git Practice (master)
$ git status
On branch master

No commits yet

Untracked files:
  (use "git add <file>..." to include in what will be committed)
        GitCommands.txt
        MyDocsFile.docx
        MyExcelFile.xls

nothing added to commit but untracked files present (use "git add" to track)

Vaishnawi Pardeshi@IB-SEZ-LAP-938 MINGW32 ~/Desktop/Git Practice (master)
$ git add --a

Vaishnawi Pardeshi@IB-SEZ-LAP-938 MINGW32 ~/Desktop/Git Practice (master)
$ git status
On branch master

No commits yet

Changes to be committed:
  (use "git rm --cached <file>..." to unstage)
        new file:   GitCommands.txt
        new file:   MyDocsFile.docx
        new file:   MyExcelFile.xls


Vaishnawi Pardeshi@IB-SEZ-LAP-938 MINGW32 ~/Desktop/Git Practice (master)
$ git commit -m "Commit all files"
[master (root-commit) 58634cd] Commit all files
 3 files changed, 270 insertions(+)
 create mode 100644 GitCommands.txt
 create mode 100644 MyDocsFile.docx
 create mode 100644 MyExcelFile.xls

Vaishnawi Pardeshi@IB-SEZ-LAP-938 MINGW32 ~/Desktop/Git Practice (master)
$ git status
On branch master
nothing to commit, working tree clean

Vaishnawi Pardeshi@IB-SEZ-LAP-938 MINGW32 ~/Desktop/Git Practice (master)
$ touch git.log

Vaishnawi Pardeshi@IB-SEZ-LAP-938 MINGW32 ~/Desktop/Git Practice (master)
$ git status
On branch master
Untracked files:
  (use "git add <file>..." to include in what will be committed)
        git.log

nothing added to commit but untracked files present (use "git add" to track)

Vaishnawi Pardeshi@IB-SEZ-LAP-938 MINGW32 ~/Desktop/Git Practice (master)
$ touch .gitignore

Vaishnawi Pardeshi@IB-SEZ-LAP-938 MINGW32 ~/Desktop/Git Practice (master)
$ git status
On branch master
Untracked files:
  (use "git add <file>..." to include in what will be committed)
        .gitignore
        git.log

nothing added to commit but untracked files present (use "git add" to track)

Vaishnawi Pardeshi@IB-SEZ-LAP-938 MINGW32 ~/Desktop/Git Practice (master)
$ git status
On branch master
Untracked files:
  (use "git add <file>..." to include in what will be committed)
        .gitignore

nothing added to commit but untracked files present (use "git add" to track)

Vaishnawi Pardeshi@IB-SEZ-LAP-938 MINGW32 ~/Desktop/Git Practice (master)
$ git add --a

Vaishnawi Pardeshi@IB-SEZ-LAP-938 MINGW32 ~/Desktop/Git Practice (master)
$ git status
On branch master
Changes to be committed:
  (use "git restore --staged <file>..." to unstage)
        new file:   .gitignore


Vaishnawi Pardeshi@IB-SEZ-LAP-938 MINGW32 ~/Desktop/Git Practice (master)
$ git commit -m "Add .gitignore"
[master 3c90640] Add .gitignore
 1 file changed, 1 insertion(+)
 create mode 100644 .gitignore

Vaishnawi Pardeshi@IB-SEZ-LAP-938 MINGW32 ~/Desktop/Git Practice (master)
$ git status
On branch master
nothing to commit, working tree clean

Vaishnawi Pardeshi@IB-SEZ-LAP-938 MINGW32 ~/Desktop/Git Practice (master)
$ git status
On branch master
Changes not staged for commit:
  (use "git add <file>..." to update what will be committed)
  (use "git restore <file>..." to discard changes in working directory)
        modified:   GitCommands.txt

no changes added to commit (use "git add" and/or "git commit -a")

Vaishnawi Pardeshi@IB-SEZ-LAP-938 MINGW32 ~/Desktop/Git Practice (master)
$ git status
On branch master
Changes not staged for commit:
  (use "git add <file>..." to update what will be committed)
  (use "git restore <file>..." to discard changes in working directory)
        modified:   GitCommands.txt

no changes added to commit (use "git add" and/or "git commit -a")

Vaishnawi Pardeshi@IB-SEZ-LAP-938 MINGW32 ~/Desktop/Git Practice (master)
$ git add --a

Vaishnawi Pardeshi@IB-SEZ-LAP-938 MINGW32 ~/Desktop/Git Practice (master)
$ git status
On branch master
Changes to be committed:
  (use "git restore --staged <file>..." to unstage)
        modified:   GitCommands.txt


Vaishnawi Pardeshi@IB-SEZ-LAP-938 MINGW32 ~/Desktop/Git Practice (master)
$ git commit -m "Modify GitCommands.txt"
[master 8aaa355] Modify GitCommands.txt
 1 file changed, 22 insertions(+)

Vaishnawi Pardeshi@IB-SEZ-LAP-938 MINGW32 ~/Desktop/Git Practice (master)
$ git status
On branch master
nothing to commit, working tree clean

Vaishnawi Pardeshi@IB-SEZ-LAP-938 MINGW32 ~/Desktop/Git Practice (master)
$ git status
On branch master
nothing to commit, working tree clean

Vaishnawi Pardeshi@IB-SEZ-LAP-938 MINGW32 ~/Desktop/Git Practice (master)
$ git status
On branch master
Untracked files:
  (use "git add <file>..." to include in what will be committed)
        static/

nothing added to commit but untracked files present (use "git add" to track)

Vaishnawi Pardeshi@IB-SEZ-LAP-938 MINGW32 ~/Desktop/Git Practice (master)
$ git status
On branch master
Untracked files:
  (use "git add <file>..." to include in what will be committed)
        dir/
        static/

nothing added to commit but untracked files present (use "git add" to track)

Vaishnawi Pardeshi@IB-SEZ-LAP-938 MINGW32 ~/Desktop/Git Practice (master)
$ git status
On branch master
Changes not staged for commit:
  (use "git add <file>..." to update what will be committed)
  (use "git restore <file>..." to discard changes in working directory)
        modified:   .gitignore

no changes added to commit (use "git add" and/or "git commit -a")

Vaishnawi Pardeshi@IB-SEZ-LAP-938 MINGW32 ~/Desktop/Git Practice (master)
$ git status
On branch master
Changes not staged for commit:
  (use "git add <file>..." to update what will be committed)
  (use "git restore <file>..." to discard changes in working directory)
        modified:   .gitignore

Untracked files:
  (use "git add <file>..." to include in what will be committed)
        static/

no changes added to commit (use "git add" and/or "git commit -a")

Vaishnawi Pardeshi@IB-SEZ-LAP-938 MINGW32 ~/Desktop/Git Practice (master)
$ git status
On branch master
Changes not staged for commit:
  (use "git add <file>..." to update what will be committed)
  (use "git restore <file>..." to discard changes in working directory)
        modified:   .gitignore

Untracked files:
  (use "git add <file>..." to include in what will be committed)
        static/

no changes added to commit (use "git add" and/or "git commit -a")

Vaishnawi Pardeshi@IB-SEZ-LAP-938 MINGW32 ~/Desktop/Git Practice (master)
$ git status
On branch master
Changes not staged for commit:
  (use "git add <file>..." to update what will be committed)
  (use "git restore <file>..." to discard changes in working directory)
        modified:   .gitignore

Untracked files:
  (use "git add <file>..." to include in what will be committed)
        static/

no changes added to commit (use "git add" and/or "git commit -a")

Vaishnawi Pardeshi@IB-SEZ-LAP-938 MINGW32 ~/Desktop/Git Practice (master)
$ git add --a

Vaishnawi Pardeshi@IB-SEZ-LAP-938 MINGW32 ~/Desktop/Git Practice (master)
$ git status
On branch master
Changes to be committed:
  (use "git restore --staged <file>..." to unstage)
        modified:   .gitignore
        new file:   static/TxtFile.txt


Vaishnawi Pardeshi@IB-SEZ-LAP-938 MINGW32 ~/Desktop/Git Practice (master)
$ git status
On branch master
Changes to be committed:
  (use "git restore --staged <file>..." to unstage)
        modified:   .gitignore
        new file:   static/TxtFile.txt

Changes not staged for commit:
  (use "git add <file>..." to update what will be committed)
  (use "git restore <file>..." to discard changes in working directory)
        modified:   static/TxtFile.txt


Vaishnawi Pardeshi@IB-SEZ-LAP-938 MINGW32 ~/Desktop/Git Practice (master)
$ git diff
diff --git a/static/TxtFile.txt b/static/TxtFile.txt
index 90cee64..98fd269 100644
--- a/static/TxtFile.txt
+++ b/static/TxtFile.txt
@@ -1 +1 @@
-jhhjhgfhg
\ No newline at end of file
+Vaishu
\ No newline at end of file

Vaishnawi Pardeshi@IB-SEZ-LAP-938 MINGW32 ~/Desktop/Git Practice (master)
$ git diff --staged
diff --git a/.gitignore b/.gitignore
index a970faf..a135832 100644
--- a/.gitignore
+++ b/.gitignore
@@ -1 +1,2 @@
-git.log
\ No newline at end of file
+*.log
+dir/
\ No newline at end of file
diff --git a/static/TxtFile.txt b/static/TxtFile.txt
new file mode 100644
index 0000000..90cee64
--- /dev/null
+++ b/static/TxtFile.txt
@@ -0,0 +1 @@
+jhhjhgfhg
\ No newline at end of file

Vaishnawi Pardeshi@IB-SEZ-LAP-938 MINGW32 ~/Desktop/Git Practice (master)
$ git status
On branch master
Changes to be committed:
  (use "git restore --staged <file>..." to unstage)
        modified:   .gitignore
        new file:   static/TxtFile.txt

Changes not staged for commit:
  (use "git add <file>..." to update what will be committed)
  (use "git restore <file>..." to discard changes in working directory)
        modified:   GitCommands.txt
        modified:   static/TxtFile.txt


Vaishnawi Pardeshi@IB-SEZ-LAP-938 MINGW32 ~/Desktop/Git Practice (master)
$ git add --a

Vaishnawi Pardeshi@IB-SEZ-LAP-938 MINGW32 ~/Desktop/Git Practice (master)
$ git status
On branch master
Changes to be committed:
  (use "git restore --staged <file>..." to unstage)
        modified:   .gitignore
        modified:   GitCommands.txt
        new file:   static/TxtFile.txt

Vaishnawi Pardeshi@IB-SEZ-LAP-938 MINGW32 ~/Desktop/Git Practice (master)
$ git commit -m "All changes done"
[master b31a057] All changes done
 3 files changed, 264 insertions(+), 1 deletion(-)
 create mode 100644 static/TxtFile.txt

Vaishnawi Pardeshi@IB-SEZ-LAP-938 MINGW32 ~/Desktop/Git Practice (master)
$ git status
On branch master
Changes not staged for commit:
  (use "git add <file>..." to update what will be committed)
  (use "git restore <file>..." to discard changes in working directory)
        modified:   GitCommands.txt

no changes added to commit (use "git add" and/or "git commit -a")

Vaishnawi Pardeshi@IB-SEZ-LAP-938 MINGW32 ~/Desktop/Git Practice (master)
$ git add --a

Vaishnawi Pardeshi@IB-SEZ-LAP-938 MINGW32 ~/Desktop/Git Practice (master)
$ git status
On branch master
Changes to be committed:
  (use "git restore --staged <file>..." to unstage)
        modified:   GitCommands.txt


Vaishnawi Pardeshi@IB-SEZ-LAP-938 MINGW32 ~/Desktop/Git Practice (master)
$ git commit -m "Done"
[master 69d2476] Done
 1 file changed, 48 insertions(+)

Vaishnawi Pardeshi@IB-SEZ-LAP-938 MINGW32 ~/Desktop/Git Practice (master)
$ git status
On branch master
nothing to commit, working tree clean

Vaishnawi Pardeshi@IB-SEZ-LAP-938 MINGW32 ~/Desktop/Git Practice (master)
$ git status
On branch master
Changes not staged for commit:
  (use "git add <file>..." to update what will be committed)
  (use "git restore <file>..." to discard changes in working directory)
        modified:   MyDocsFile.docx

no changes added to commit (use "git add" and/or "git commit -a")

Vaishnawi Pardeshi@IB-SEZ-LAP-938 MINGW32 ~/Desktop/Git Practice (master)
$ git status
On branch master
Changes not staged for commit:
  (use "git add <file>..." to update what will be committed)
  (use "git restore <file>..." to discard changes in working directory)
        modified:   MyDocsFile.docx

Untracked files:
  (use "git add <file>..." to include in what will be committed)
        First.txt

no changes added to commit (use "git add" and/or "git commit -a")

Vaishnawi Pardeshi@IB-SEZ-LAP-938 MINGW32 ~/Desktop/Git Practice (master)
$ git commit -a -m "Direct Commit"
[master 43c6279] Direct Commit
 1 file changed, 0 insertions(+), 0 deletions(-)

Vaishnawi Pardeshi@IB-SEZ-LAP-938 MINGW32 ~/Desktop/Git Practice (master)
$ git status
On branch master
Untracked files:
  (use "git add <file>..." to include in what will be committed)
        First.txt

nothing added to commit but untracked files present (use "git add" to track)

Vaishnawi Pardeshi@IB-SEZ-LAP-938 MINGW32 ~/Desktop/Git Practice (master)
$ git add First.txt

Vaishnawi Pardeshi@IB-SEZ-LAP-938 MINGW32 ~/Desktop/Git Practice (master)
$ git status
On branch master
Changes to be committed:
  (use "git restore --staged <file>..." to unstage)
        new file:   First.txt


Vaishnawi Pardeshi@IB-SEZ-LAP-938 MINGW32 ~/Desktop/Git Practice (master)
$ git commit -a -m "Add First.txt"
[master abd0c3f] Add First.txt
 1 file changed, 0 insertions(+), 0 deletions(-)
 create mode 100644 First.txt

Vaishnawi Pardeshi@IB-SEZ-LAP-938 MINGW32 ~/Desktop/Git Practice (master)
$ git status
On branch master
nothing to commit, working tree clean

