Vaishnawi Pardeshi@IB-SEZ-LAP-938 MINGW32 ~/Desktop/Git Practice
$ git config --global user.name "Vaishnavi"

Vaishnawi Pardeshi@IB-SEZ-LAP-938 MINGW32 ~/Desktop/Git Practice
$ git config --global user.email "vaishnavi@gmail.com"

Vaishnawi Pardeshi@IB-SEZ-LAP-938 MINGW32 ~/Desktop/Git Practice
$ git config --list
pack.packsizelimit=2g
diff.astextplain.textconv=astextplain
filter.lfs.clean=git-lfs clean -- %f
filter.lfs.smudge=git-lfs smudge -- %f
filter.lfs.process=git-lfs filter-process
filter.lfs.required=true
http.sslbackend=openssl
http.sslcainfo=C:/Program Files (x86)/Git/mingw32/ssl/certs/ca-bundle.crt
core.autocrlf=true
core.fscache=true
core.symlinks=false
pull.rebase=false
credential.helper=manager-core
credential.https://dev.azure.com.usehttppath=true
init.defaultbranch=master
user.name=Vaishnavi
user.email=vaishnavi@gmail.com

Vaishnawi Pardeshi@IB-SEZ-LAP-938 MINGW32 ~/Desktop/Git Practice
$ git config user.name
Vaishnavi

Vaishnawi Pardeshi@IB-SEZ-LAP-938 MINGW32 ~/Desktop/Git Practice
$ git config user.email
vaishnavi@gmail.com

Vaishnawi Pardeshi@IB-SEZ-LAP-938 MINGW32 ~/Desktop/Git Practice
$ git init
Initialized empty Git repository in C:/Users/Vaishnawi Pardeshi/Desktop/Git Practice/.git/

Vaishnawi Pardeshi@IB-SEZ-LAP-938 MINGW32 ~/Desktop/Git Practice (master)
$ git status
On branch master

No commits yet

Untracked files:
  (use "git add <file>..." to include in what will be committed)
        Git Commands.txt
        MyDocsFile.docx
        MyExcelFile.xls

nothing added to commit but untracked files present (use "git add" to track)

Vaishnawi Pardeshi@IB-SEZ-LAP-938 MINGW32 ~/Desktop/Git Practice (master)
$ git add --a

Vaishnawi Pardeshi@IB-SEZ-LAP-938 MINGW32 ~/Desktop/Git Practice (master)
$ git status
On branch master

No commits yet

Changes to be committed:
  (use "git rm --cached <file>..." to unstage)
        new file:   Git Commands.txt
        new file:   MyDocsFile.docx
        new file:   MyExcelFile.xls


Vaishnawi Pardeshi@IB-SEZ-LAP-938 MINGW32 ~/Desktop/Git Practice (master)
$ git commit -m "Initial Commit"
[master (root-commit) 333d955] Initial Commit
 3 files changed, 33 insertions(+)
 create mode 100644 Git Commands.txt
 create mode 100644 MyDocsFile.docx
 create mode 100644 MyExcelFile.xls

Vaishnawi Pardeshi@IB-SEZ-LAP-938 MINGW32 ~/Desktop/Git Practice (master)
$ git status
On branch master
nothing to commit, working tree clean

Vaishnawi Pardeshi@IB-SEZ-LAP-938 MINGW32 ~/Desktop/Git Practice (master)
$ git log
commit 333d9550840f737e1abf5e2e06d6543bf450f005 (HEAD -> master)
Author: Vaishnavi <vaishnavi@gmail.com>
Date:   Mon Oct 31 18:18:50 2022 +0530

    Initial Commit

Vaishnawi Pardeshi@IB-SEZ-LAP-938 MINGW32 ~/Desktop/Git Practice (master)
$ git status
On branch master
Changes not staged for commit:
  (use "git add <file>..." to update what will be committed)
  (use "git restore <file>..." to discard changes in working directory)
        modified:   Git Commands.txt

no changes added to commit (use "git add" and/or "git commit -a")

Vaishnawi Pardeshi@IB-SEZ-LAP-938 MINGW32 ~/Desktop/Git Practice (master)
$ git status
On branch master
Changes not staged for commit:
  (use "git add <file>..." to update what will be committed)
  (use "git restore <file>..." to discard changes in working directory)
        modified:   Git Commands.txt
        modified:   MyExcelFile.xls

no changes added to commit (use "git add" and/or "git commit -a")

Vaishnawi Pardeshi@IB-SEZ-LAP-938 MINGW32 ~/Desktop/Git Practice (master)
$ git add Git Commands.txt
fatal: pathspec 'Git' did not match any files

Vaishnawi Pardeshi@IB-SEZ-LAP-938 MINGW32 ~/Desktop/Git Practice (master)
$ git add GitCommands.txt

Vaishnawi Pardeshi@IB-SEZ-LAP-938 MINGW32 ~/Desktop/Git Practice (master)
$ git status
On branch master
Changes to be committed:
  (use "git restore --staged <file>..." to unstage)
        new file:   GitCommands.txt

Changes not staged for commit:
  (use "git add/rm <file>..." to update what will be committed)
  (use "git restore <file>..." to discard changes in working directory)
        deleted:    Git Commands.txt
        modified:   MyExcelFile.xls


Vaishnawi Pardeshi@IB-SEZ-LAP-938 MINGW32 ~/Desktop/Git Practice (master)
$ git add GitCommands.txt

Vaishnawi Pardeshi@IB-SEZ-LAP-938 MINGW32 ~/Desktop/Git Practice (master)
$ git status
On branch master
Changes to be committed:
  (use "git restore --staged <file>..." to unstage)
        new file:   GitCommands.txt

Changes not staged for commit:
  (use "git add/rm <file>..." to update what will be committed)
  (use "git restore <file>..." to discard changes in working directory)
        deleted:    Git Commands.txt
        modified:   MyExcelFile.xls


Vaishnawi Pardeshi@IB-SEZ-LAP-938 MINGW32 ~/Desktop/Git Practice (master)
$ git commit -m "Change GitCommands.txt"
[master fe3e3d5] Change GitCommands.txt
 1 file changed, 80 insertions(+)
 create mode 100644 GitCommands.txt

Vaishnawi Pardeshi@IB-SEZ-LAP-938 MINGW32 ~/Desktop/Git Practice (master)
$ git status
On branch master
Changes not staged for commit:
  (use "git add/rm <file>..." to update what will be committed)
  (use "git restore <file>..." to discard changes in working directory)
        deleted:    Git Commands.txt
        modified:   MyExcelFile.xls

no changes added to commit (use "git add" and/or "git commit -a")

Vaishnawi Pardeshi@IB-SEZ-LAP-938 MINGW32 ~/Desktop/Git Practice (master)
$ git commit -m "Change made"
On branch master
Changes not staged for commit:
  (use "git add/rm <file>..." to update what will be committed)
  (use "git restore <file>..." to discard changes in working directory)
        deleted:    Git Commands.txt
        modified:   MyExcelFile.xls

no changes added to commit (use "git add" and/or "git commit -a")

Vaishnawi Pardeshi@IB-SEZ-LAP-938 MINGW32 ~/Desktop/Git Practice (master)
$ git add --a

Vaishnawi Pardeshi@IB-SEZ-LAP-938 MINGW32 ~/Desktop/Git Practice (master)
$ git status
On branch master
Changes to be committed:
  (use "git restore --staged <file>..." to unstage)
        deleted:    Git Commands.txt
        modified:   MyExcelFile.xls


Vaishnawi Pardeshi@IB-SEZ-LAP-938 MINGW32 ~/Desktop/Git Practice (master)
$ git commit -m "Change made in MyExcelFile.xls"
[master a0f2206] Change made in MyExcelFile.xls
 2 files changed, 33 deletions(-)
 delete mode 100644 Git Commands.txt

Vaishnawi Pardeshi@IB-SEZ-LAP-938 MINGW32 ~/Desktop/Git Practice (master)
$ git status
On branch master
nothing to commit, working tree clean


Vaishnawi Pardeshi@IB-SEZ-LAP-938 MINGW32 ~/Desktop/Git Practice
$ git status
fatal: not a git repository (or any of the parent directories): .git

Vaishnawi Pardeshi@IB-SEZ-LAP-938 MINGW32 ~/Desktop/Git Practice
$ git clone https://github.com/tensorflow/tensorflow.git
Cloning into 'tensorflow'...
remote: Enumerating objects: 1459672, done.
remote: Counting objects: 100% (545/545), done.
remote: Compressing objects: 100% (360/360), done.
remote: Total 1459672 (delta 264), reused 431 (delta 181), pack-reused 1459127
Receiving objects: 100% (1459672/1459672), 977.80 MiB | 2.61 MiB/s, done.
Resolving deltas: 100% (1184458/1184458), done.
Updating files: 100% (28187/28187), done.

Vaishnawi Pardeshi@IB-SEZ-LAP-938 MINGW32 ~/Desktop/Git Practice
$ git status
fatal: not a git repository (or any of the parent directories): .git

Vaishnawi Pardeshi@IB-SEZ-LAP-938 MINGW32 ~/Desktop/Git Practice
$ pwd
/c/Users/Vaishnawi Pardeshi/Desktop/Git Practice

Vaishnawi Pardeshi@IB-SEZ-LAP-938 MINGW32 ~/Desktop/Git Practice
$ ls
GitCommands.txt  MyDocsFile.docx  MyExcelFile.xls  tensorflow/

Vaishnawi Pardeshi@IB-SEZ-LAP-938 MINGW32 ~/Desktop/Git Practice
$ cd tensorflow/

Vaishnawi Pardeshi@IB-SEZ-LAP-938 MINGW32 ~/Desktop/Git Practice/tensorflow (master)
$ pwd
/c/Users/Vaishnawi Pardeshi/Desktop/Git Practice/tensorflow

Vaishnawi Pardeshi@IB-SEZ-LAP-938 MINGW32 ~/Desktop/Git Practice/tensorflow (master)
$ ls
AUTHORS             ISSUES.md          WORKSPACE           tensorflow/
BUILD               ISSUE_TEMPLATE.md  arm_compiler.BUILD  third_party/
CITATION.cff        LICENSE            configure*          tools/
CODEOWNERS          README.md          configure.cmd
CODE_OF_CONDUCT.md  RELEASE.md         configure.py
CONTRIBUTING.md     SECURITY.md        models.BUILD

Vaishnawi Pardeshi@IB-SEZ-LAP-938 MINGW32 ~/Desktop/Git Practice/tensorflow (master)
$ git status
On branch master
Your branch is up to date with 'origin/master'.

nothing to commit, working tree clean

Vaishnawi Pardeshi@IB-SEZ-LAP-938 MINGW32 ~/Desktop/Git Practice/tensorflow (master)
$ git status
On branch master
Your branch is up to date with 'origin/master'.

Changes not staged for commit:
  (use "git add <file>..." to update what will be committed)
  (use "git restore <file>..." to discard changes in working directory)
        modified:   .gitignore

no changes added to commit (use "git add" and/or "git commit -a")

Vaishnawi Pardeshi@IB-SEZ-LAP-938 MINGW32 ~/Desktop/Git Practice/tensorflow (master)
$ git log
commit 1eb8dad0ef72cacd283ede547712f2f4ad74b4fc (HEAD -> master)
Author: Vaishnavi <vaishnavi@gmail.com>
Date:   Wed Nov 2 12:49:54 2022 +0530

    Changed .gitignore


Note:
20)To ignore some files to track in git repository
 i) -> Create text file named ".gitignore" using command (if not exist): touch .gitignore
 ii)-> Add the name of the file to be ignore in .gitignore file

21)To ignore every file based on extension
 ii) -> Write *.<extension> in the .gitignore file
	example : if we want to ignore all files having .log extension
	open .gitignore file and add " *.log " in that file.  

22)To ignore folder inside git repository
 ii) -> Write <foldername>/ in the .gitignore file
	example : if we want to ignore all folder named "dir" inside git repository
	open .gitignore  file and add " dir/ " in that file.

23)To ignore outer folder inside git repository
 ii) -> Write /<foldername>/ in the .gitignore file
	example : if we want to ignore outer folder named "dir" inside git repository
	open .gitignore  file and add " /dir/ " in that file.


Vaishnawi Pardeshi@IB-SEZ-LAP-938 MINGW32 ~/Desktop/Git Practice
$ git status
fatal: not a git repository (or any of the parent directories): .git

Vaishnawi Pardeshi@IB-SEZ-LAP-938 MINGW32 ~/Desktop/Git Practice
$ git init
Initialized empty Git repository in C:/Users/Vaishnawi Pardeshi/Desktop/Git Practice/.git/

Vaishnawi Pardeshi@IB-SEZ-LAP-938 MINGW32 ~/Desktop/Git Practice (master)
$ git status
On branch master

No commits yet

Untracked files:
  (use "git add <file>..." to include in what will be committed)
        GitCommands.txt
        MyDocsFile.docx
        MyExcelFile.xls

nothing added to commit but untracked files present (use "git add" to track)

Vaishnawi Pardeshi@IB-SEZ-LAP-938 MINGW32 ~/Desktop/Git Practice (master)
$ git add --a

Vaishnawi Pardeshi@IB-SEZ-LAP-938 MINGW32 ~/Desktop/Git Practice (master)
$ git status
On branch master

No commits yet

Changes to be committed:
  (use "git rm --cached <file>..." to unstage)
        new file:   GitCommands.txt
        new file:   MyDocsFile.docx
        new file:   MyExcelFile.xls


Vaishnawi Pardeshi@IB-SEZ-LAP-938 MINGW32 ~/Desktop/Git Practice (master)
$ git commit -m "Commit all files"
[master (root-commit) 58634cd] Commit all files
 3 files changed, 270 insertions(+)
 create mode 100644 GitCommands.txt
 create mode 100644 MyDocsFile.docx
 create mode 100644 MyExcelFile.xls

Vaishnawi Pardeshi@IB-SEZ-LAP-938 MINGW32 ~/Desktop/Git Practice (master)
$ git status
On branch master
nothing to commit, working tree clean

Vaishnawi Pardeshi@IB-SEZ-LAP-938 MINGW32 ~/Desktop/Git Practice (master)
$ touch git.log

Vaishnawi Pardeshi@IB-SEZ-LAP-938 MINGW32 ~/Desktop/Git Practice (master)
$ git status
On branch master
Untracked files:
  (use "git add <file>..." to include in what will be committed)
        git.log

nothing added to commit but untracked files present (use "git add" to track)

Vaishnawi Pardeshi@IB-SEZ-LAP-938 MINGW32 ~/Desktop/Git Practice (master)
$ touch .gitignore

Vaishnawi Pardeshi@IB-SEZ-LAP-938 MINGW32 ~/Desktop/Git Practice (master)
$ git status
On branch master
Untracked files:
  (use "git add <file>..." to include in what will be committed)
        .gitignore
        git.log

nothing added to commit but untracked files present (use "git add" to track)

Vaishnawi Pardeshi@IB-SEZ-LAP-938 MINGW32 ~/Desktop/Git Practice (master)
$ git status
On branch master
Untracked files:
  (use "git add <file>..." to include in what will be committed)
        .gitignore

nothing added to commit but untracked files present (use "git add" to track)

Vaishnawi Pardeshi@IB-SEZ-LAP-938 MINGW32 ~/Desktop/Git Practice (master)
$ git add --a

Vaishnawi Pardeshi@IB-SEZ-LAP-938 MINGW32 ~/Desktop/Git Practice (master)
$ git status
On branch master
Changes to be committed:
  (use "git restore --staged <file>..." to unstage)
        new file:   .gitignore


Vaishnawi Pardeshi@IB-SEZ-LAP-938 MINGW32 ~/Desktop/Git Practice (master)
$ git commit -m "Add .gitignore"
[master 3c90640] Add .gitignore
 1 file changed, 1 insertion(+)
 create mode 100644 .gitignore

Vaishnawi Pardeshi@IB-SEZ-LAP-938 MINGW32 ~/Desktop/Git Practice (master)
$ git status
On branch master
nothing to commit, working tree clean

Vaishnawi Pardeshi@IB-SEZ-LAP-938 MINGW32 ~/Desktop/Git Practice (master)
$ git status
On branch master
Changes not staged for commit:
  (use "git add <file>..." to update what will be committed)
  (use "git restore <file>..." to discard changes in working directory)
        modified:   GitCommands.txt

no changes added to commit (use "git add" and/or "git commit -a")

Vaishnawi Pardeshi@IB-SEZ-LAP-938 MINGW32 ~/Desktop/Git Practice (master)
$ git status
On branch master
Changes not staged for commit:
  (use "git add <file>..." to update what will be committed)
  (use "git restore <file>..." to discard changes in working directory)
        modified:   GitCommands.txt

no changes added to commit (use "git add" and/or "git commit -a")

Vaishnawi Pardeshi@IB-SEZ-LAP-938 MINGW32 ~/Desktop/Git Practice (master)
$ git add --a

Vaishnawi Pardeshi@IB-SEZ-LAP-938 MINGW32 ~/Desktop/Git Practice (master)
$ git status
On branch master
Changes to be committed:
  (use "git restore --staged <file>..." to unstage)
        modified:   GitCommands.txt


Vaishnawi Pardeshi@IB-SEZ-LAP-938 MINGW32 ~/Desktop/Git Practice (master)
$ git commit -m "Modify GitCommands.txt"
[master 8aaa355] Modify GitCommands.txt
 1 file changed, 22 insertions(+)

Vaishnawi Pardeshi@IB-SEZ-LAP-938 MINGW32 ~/Desktop/Git Practice (master)
$ git status
On branch master
nothing to commit, working tree clean

Vaishnawi Pardeshi@IB-SEZ-LAP-938 MINGW32 ~/Desktop/Git Practice (master)
$ git status
On branch master
nothing to commit, working tree clean

Vaishnawi Pardeshi@IB-SEZ-LAP-938 MINGW32 ~/Desktop/Git Practice (master)
$ git status
On branch master
Untracked files:
  (use "git add <file>..." to include in what will be committed)
        static/

nothing added to commit but untracked files present (use "git add" to track)

Vaishnawi Pardeshi@IB-SEZ-LAP-938 MINGW32 ~/Desktop/Git Practice (master)
$ git status
On branch master
Untracked files:
  (use "git add <file>..." to include in what will be committed)
        dir/
        static/

nothing added to commit but untracked files present (use "git add" to track)

Vaishnawi Pardeshi@IB-SEZ-LAP-938 MINGW32 ~/Desktop/Git Practice (master)
$ git status
On branch master
Changes not staged for commit:
  (use "git add <file>..." to update what will be committed)
  (use "git restore <file>..." to discard changes in working directory)
        modified:   .gitignore

no changes added to commit (use "git add" and/or "git commit -a")

Vaishnawi Pardeshi@IB-SEZ-LAP-938 MINGW32 ~/Desktop/Git Practice (master)
$ git status
On branch master
Changes not staged for commit:
  (use "git add <file>..." to update what will be committed)
  (use "git restore <file>..." to discard changes in working directory)
        modified:   .gitignore

Untracked files:
  (use "git add <file>..." to include in what will be committed)
        static/

no changes added to commit (use "git add" and/or "git commit -a")

Vaishnawi Pardeshi@IB-SEZ-LAP-938 MINGW32 ~/Desktop/Git Practice (master)
$ git status
On branch master
Changes not staged for commit:
  (use "git add <file>..." to update what will be committed)
  (use "git restore <file>..." to discard changes in working directory)
        modified:   .gitignore

Untracked files:
  (use "git add <file>..." to include in what will be committed)
        static/

no changes added to commit (use "git add" and/or "git commit -a")

Vaishnawi Pardeshi@IB-SEZ-LAP-938 MINGW32 ~/Desktop/Git Practice (master)
$ git status
On branch master
Changes not staged for commit:
  (use "git add <file>..." to update what will be committed)
  (use "git restore <file>..." to discard changes in working directory)
        modified:   .gitignore

Untracked files:
  (use "git add <file>..." to include in what will be committed)
        static/

no changes added to commit (use "git add" and/or "git commit -a")

Vaishnawi Pardeshi@IB-SEZ-LAP-938 MINGW32 ~/Desktop/Git Practice (master)
$ git add --a

Vaishnawi Pardeshi@IB-SEZ-LAP-938 MINGW32 ~/Desktop/Git Practice (master)
$ git status
On branch master
Changes to be committed:
  (use "git restore --staged <file>..." to unstage)
        modified:   .gitignore
        new file:   static/TxtFile.txt


Vaishnawi Pardeshi@IB-SEZ-LAP-938 MINGW32 ~/Desktop/Git Practice (master)
$ git status
On branch master
Changes to be committed:
  (use "git restore --staged <file>..." to unstage)
        modified:   .gitignore
        new file:   static/TxtFile.txt

Changes not staged for commit:
  (use "git add <file>..." to update what will be committed)
  (use "git restore <file>..." to discard changes in working directory)
        modified:   static/TxtFile.txt


Vaishnawi Pardeshi@IB-SEZ-LAP-938 MINGW32 ~/Desktop/Git Practice (master)
$ git diff
diff --git a/static/TxtFile.txt b/static/TxtFile.txt
index 90cee64..98fd269 100644
--- a/static/TxtFile.txt
+++ b/static/TxtFile.txt
@@ -1 +1 @@
-jhhjhgfhg
\ No newline at end of file
+Vaishu
\ No newline at end of file

Vaishnawi Pardeshi@IB-SEZ-LAP-938 MINGW32 ~/Desktop/Git Practice (master)
$ git diff --staged
diff --git a/.gitignore b/.gitignore
index a970faf..a135832 100644
--- a/.gitignore
+++ b/.gitignore
@@ -1 +1,2 @@
-git.log
\ No newline at end of file
+*.log
+dir/
\ No newline at end of file
diff --git a/static/TxtFile.txt b/static/TxtFile.txt
new file mode 100644
index 0000000..90cee64
--- /dev/null
+++ b/static/TxtFile.txt
@@ -0,0 +1 @@
+jhhjhgfhg
\ No newline at end of file

Vaishnawi Pardeshi@IB-SEZ-LAP-938 MINGW32 ~/Desktop/Git Practice (master)
$ git status
On branch master
Changes to be committed:
  (use "git restore --staged <file>..." to unstage)
        modified:   .gitignore
        new file:   static/TxtFile.txt

Changes not staged for commit:
  (use "git add <file>..." to update what will be committed)
  (use "git restore <file>..." to discard changes in working directory)
        modified:   GitCommands.txt
        modified:   static/TxtFile.txt


Vaishnawi Pardeshi@IB-SEZ-LAP-938 MINGW32 ~/Desktop/Git Practice (master)
$ git add --a

Vaishnawi Pardeshi@IB-SEZ-LAP-938 MINGW32 ~/Desktop/Git Practice (master)
$ git status
On branch master
Changes to be committed:
  (use "git restore --staged <file>..." to unstage)
        modified:   .gitignore
        modified:   GitCommands.txt
        new file:   static/TxtFile.txt

Vaishnawi Pardeshi@IB-SEZ-LAP-938 MINGW32 ~/Desktop/Git Practice (master)
$ git commit -m "All changes done"
[master b31a057] All changes done
 3 files changed, 264 insertions(+), 1 deletion(-)
 create mode 100644 static/TxtFile.txt

Vaishnawi Pardeshi@IB-SEZ-LAP-938 MINGW32 ~/Desktop/Git Practice (master)
$ git status
On branch master
Changes not staged for commit:
  (use "git add <file>..." to update what will be committed)
  (use "git restore <file>..." to discard changes in working directory)
        modified:   GitCommands.txt

no changes added to commit (use "git add" and/or "git commit -a")

Vaishnawi Pardeshi@IB-SEZ-LAP-938 MINGW32 ~/Desktop/Git Practice (master)
$ git add --a

Vaishnawi Pardeshi@IB-SEZ-LAP-938 MINGW32 ~/Desktop/Git Practice (master)
$ git status
On branch master
Changes to be committed:
  (use "git restore --staged <file>..." to unstage)
        modified:   GitCommands.txt


Vaishnawi Pardeshi@IB-SEZ-LAP-938 MINGW32 ~/Desktop/Git Practice (master)
$ git commit -m "Done"
[master 69d2476] Done
 1 file changed, 48 insertions(+)

Vaishnawi Pardeshi@IB-SEZ-LAP-938 MINGW32 ~/Desktop/Git Practice (master)
$ git status
On branch master
nothing to commit, working tree clean

Vaishnawi Pardeshi@IB-SEZ-LAP-938 MINGW32 ~/Desktop/Git Practice (master)
$ git status
On branch master
Changes not staged for commit:
  (use "git add <file>..." to update what will be committed)
  (use "git restore <file>..." to discard changes in working directory)
        modified:   MyDocsFile.docx

no changes added to commit (use "git add" and/or "git commit -a")

Vaishnawi Pardeshi@IB-SEZ-LAP-938 MINGW32 ~/Desktop/Git Practice (master)
$ git status
On branch master
Changes not staged for commit:
  (use "git add <file>..." to update what will be committed)
  (use "git restore <file>..." to discard changes in working directory)
        modified:   MyDocsFile.docx

Untracked files:
  (use "git add <file>..." to include in what will be committed)
        First.txt

no changes added to commit (use "git add" and/or "git commit -a")

Vaishnawi Pardeshi@IB-SEZ-LAP-938 MINGW32 ~/Desktop/Git Practice (master)
$ git commit -a -m "Direct Commit"
[master 43c6279] Direct Commit
 1 file changed, 0 insertions(+), 0 deletions(-)

Vaishnawi Pardeshi@IB-SEZ-LAP-938 MINGW32 ~/Desktop/Git Practice (master)
$ git status
On branch master
Untracked files:
  (use "git add <file>..." to include in what will be committed)
        First.txt

nothing added to commit but untracked files present (use "git add" to track)

Vaishnawi Pardeshi@IB-SEZ-LAP-938 MINGW32 ~/Desktop/Git Practice (master)
$ git add First.txt

Vaishnawi Pardeshi@IB-SEZ-LAP-938 MINGW32 ~/Desktop/Git Practice (master)
$ git status
On branch master
Changes to be committed:
  (use "git restore --staged <file>..." to unstage)
        new file:   First.txt


Vaishnawi Pardeshi@IB-SEZ-LAP-938 MINGW32 ~/Desktop/Git Practice (master)
$ git commit -a -m "Add First.txt"
[master abd0c3f] Add First.txt
 1 file changed, 0 insertions(+), 0 deletions(-)
 create mode 100644 First.txt

Vaishnawi Pardeshi@IB-SEZ-LAP-938 MINGW32 ~/Desktop/Git Practice (master)
$ git status
On branch master
nothing to commit, working tree clean


Vaishnawi Pardeshi@IB-SEZ-LAP-938 MINGW32 ~/Desktop/Git Practice (master)
$ git status
On branch master
Changes not staged for commit:
  (use "git add <file>..." to update what will be committed)
  (use "git restore <file>..." to discard changes in working directory)
        modified:   GitCommands.txt

no changes added to commit (use "git add" and/or "git commit -a")

Vaishnawi Pardeshi@IB-SEZ-LAP-938 MINGW32 ~/Desktop/Git Practice (master)
$ git add --a

Vaishnawi Pardeshi@IB-SEZ-LAP-938 MINGW32 ~/Desktop/Git Practice (master)
$ git status
On branch master
Changes to be committed:
  (use "git restore --staged <file>..." to unstage)
        modified:   GitCommands.txt


Vaishnawi Pardeshi@IB-SEZ-LAP-938 MINGW32 ~/Desktop/Git Practice (master)
$ git commit -m "Modified"
[master fa09b65] Modified
 1 file changed, 98 insertions(+)

Vaishnawi Pardeshi@IB-SEZ-LAP-938 MINGW32 ~/Desktop/Git Practice (master)
$ git status
On branch master
nothing to commit, working tree clean

Vaishnawi Pardeshi@IB-SEZ-LAP-938 MINGW32 ~/Desktop/Git Practice (master)
$ git status
On branch master
Changes not staged for commit:
  (use "git add/rm <file>..." to update what will be committed)
  (use "git restore <file>..." to discard changes in working directory)
        deleted:    First.txt

Untracked files:
  (use "git add <file>..." to include in what will be committed)
        Second.txt

no changes added to commit (use "git add" and/or "git commit -a")

Vaishnawi Pardeshi@IB-SEZ-LAP-938 MINGW32 ~/Desktop/Git Practice (master)
$ git add .

Vaishnawi Pardeshi@IB-SEZ-LAP-938 MINGW32 ~/Desktop/Git Practice (master)
$ git status
On branch master
Changes to be committed:
  (use "git restore --staged <file>..." to unstage)
        renamed:    First.txt -> Second.txt


Vaishnawi Pardeshi@IB-SEZ-LAP-938 MINGW32 ~/Desktop/Git Practice (master)
$ git commit -m "renamed First.txt"
[master 0b419ea] renamed First.txt
 1 file changed, 0 insertions(+), 0 deletions(-)
 rename First.txt => Second.txt (100%)

Vaishnawi Pardeshi@IB-SEZ-LAP-938 MINGW32 ~/Desktop/Git Practice (master)
$ git status
On branch master
nothing to commit, working tree clean

Vaishnawi Pardeshi@IB-SEZ-LAP-938 MINGW32 ~/Desktop/Git Practice (master)
$ git mv Second.txt First.txt

Vaishnawi Pardeshi@IB-SEZ-LAP-938 MINGW32 ~/Desktop/Git Practice (master)
$ git status
On branch master
Changes to be committed:
  (use "git restore --staged <file>..." to unstage)
        renamed:    Second.txt -> First.txt

Changes not staged for commit:
  (use "git add <file>..." to update what will be committed)
  (use "git restore <file>..." to discard changes in working directory)
        modified:   GitCommands.txt


Vaishnawi Pardeshi@IB-SEZ-LAP-938 MINGW32 ~/Desktop/Git Practice (master)
$ git commit -a -m "Done Commit"
[master 5fdd712] Done Commit
 2 files changed, 70 insertions(+)
 rename Second.txt => First.txt (100%)

Vaishnawi Pardeshi@IB-SEZ-LAP-938 MINGW32 ~/Desktop/Git Practice (master)
$ git status
On branch master
nothing to commit, working tree clean

Vaishnawi Pardeshi@IB-SEZ-LAP-938 MINGW32 ~/Desktop/Git Practice (master)
$ git status
On branch master
Changes not staged for commit:
  (use "git add <file>..." to update what will be committed)
  (use "git restore <file>..." to discard changes in working directory)
        modified:   .gitignore

no changes added to commit (use "git add" and/or "git commit -a")

Vaishnawi Pardeshi@IB-SEZ-LAP-938 MINGW32 ~/Desktop/Git Practice (master)
$ git status
On branch master
Changes not staged for commit:
  (use "git add <file>..." to update what will be committed)
  (use "git restore <file>..." to discard changes in working directory)
        modified:   .gitignore
        modified:   MyExcelFile.xls

no changes added to commit (use "git add" and/or "git commit -a")

Vaishnawi Pardeshi@IB-SEZ-LAP-938 MINGW32 ~/Desktop/Git Practice (master)
$ git rm --cached MyExcelFile.xls
rm 'MyExcelFile.xls'

Vaishnawi Pardeshi@IB-SEZ-LAP-938 MINGW32 ~/Desktop/Git Practice (master)
$ git status
On branch master
Changes to be committed:
  (use "git restore --staged <file>..." to unstage)
        deleted:    MyExcelFile.xls

Changes not staged for commit:
  (use "git add <file>..." to update what will be committed)
  (use "git restore <file>..." to discard changes in working directory)
        modified:   .gitignore


Vaishnawi Pardeshi@IB-SEZ-LAP-938 MINGW32 ~/Desktop/Git Practice (master)
$ git status
On branch master
Changes to be committed:
  (use "git restore --staged <file>..." to unstage)
        deleted:    MyExcelFile.xls

Changes not staged for commit:
  (use "git add <file>..." to update what will be committed)
  (use "git restore <file>..." to discard changes in working directory)
        modified:   .gitignore


Vaishnawi Pardeshi@IB-SEZ-LAP-938 MINGW32 ~/Desktop/Git Practice (master)
$ git add .

Vaishnawi Pardeshi@IB-SEZ-LAP-938 MINGW32 ~/Desktop/Git Practice (master)
$ git status
On branch master
Changes to be committed:
  (use "git restore --staged <file>..." to unstage)
        modified:   .gitignore
        deleted:    MyExcelFile.xls


Vaishnawi Pardeshi@IB-SEZ-LAP-938 MINGW32 ~/Desktop/Git Practice (master)
$ git commit -a -m "Done2"
[master ece04ba] Done2
 2 files changed, 2 insertions(+), 1 deletion(-)
 delete mode 100644 MyExcelFile.xls

Vaishnawi Pardeshi@IB-SEZ-LAP-938 MINGW32 ~/Desktop/Git Practice (master)
$ git status
On branch master
nothing to commit, working tree clean

Vaishnawi Pardeshi@IB-SEZ-LAP-938 MINGW32 ~/Desktop/Git Practice (master)
$ git status
On branch master
Changes not staged for commit:
  (use "git add <file>..." to update what will be committed)
  (use "git restore <file>..." to discard changes in working directory)
        modified:   GitCommands.txt

no changes added to commit (use "git add" and/or "git commit -a")

Vaishnawi Pardeshi@IB-SEZ-LAP-938 MINGW32 ~/Desktop/Git Practice (master)
$ git commit -a -m "Done3"
[master fe4767a] Done3
 1 file changed, 99 insertions(+)

Vaishnawi Pardeshi@IB-SEZ-LAP-938 MINGW32 ~/Desktop/Git Practice (master)
$ git status
On branch master
nothing to commit, working tree clean

Vaishnawi Pardeshi@IB-SEZ-LAP-938 MINGW32 ~/Desktop/Git Practice (master)
$ git log
commit fe4767a0a1479defe5869a7fbe8f7ba139bdd1ce (HEAD -> master)
Author: Vaishnavi <vaishnavi@gmail.com>
Date:   Thu Nov 3 14:43:52 2022 +0530

    Done3

commit ece04baceac6779cc2985b86321e62610bc009c4
Author: Vaishnavi <vaishnavi@gmail.com>
Date:   Thu Nov 3 13:37:26 2022 +0530

    Done2

commit 5fdd712c475a02b6d90c2741b7492458a73fdb09
Author: Vaishnavi <vaishnavi@gmail.com>
Date:   Thu Nov 3 13:29:04 2022 +0530

    Done Commit

commit 0b419eac9f3dc24602262f9a80cb02f44f2cdb5f
Author: Vaishnavi <vaishnavi@gmail.com>
Date:   Thu Nov 3 13:10:16 2022 +0530

    renamed First.txt

Vaishnawi Pardeshi@IB-SEZ-LAP-938 MINGW32 ~/Desktop/Git Practice (master)
$ git log -p
commit fe4767a0a1479defe5869a7fbe8f7ba139bdd1ce (HEAD -> master)
Author: Vaishnavi <vaishnavi@gmail.com>
Date:   Thu Nov 3 14:43:52 2022 +0530

    Done3

diff --git a/GitCommands.txt b/GitCommands.txt
index b52d994..735944b 100644
--- a/GitCommands.txt
+++ b/GitCommands.txt
@@ -767,3 +767,102 @@ nothing to commit, working tree clean

 Vaishnawi Pardeshi@IB-SEZ-LAP-938 MINGW32 ~/Desktop/Git Practice (master)
 $ git mv Second.txt First.txt
+
+Vaishnawi Pardeshi@IB-SEZ-LAP-938 MINGW32 ~/Desktop/Git Practice (master)
+$ git status
+On branch master
+Changes to be committed:
+  (use "git restore --staged <file>..." to unstage)
+        renamed:    Second.txt -> First.txt
+
+Changes not staged for commit:
+  (use "git add <file>..." to update what will be committed)
+  (use "git restore <file>..." to discard changes in working directory)
+        modified:   GitCommands.txt

commit ece04baceac6779cc2985b86321e62610bc009c4
Author: Vaishnavi <vaishnavi@gmail.com>
Date:   Thu Nov 3 13:37:26 2022 +0530

    Done2

diff --git a/.gitignore b/.gitignore
index a135832..57ba299 100644
--- a/.gitignore
+++ b/.gitignore
@@ -1,2 +1,3 @@
 *.log
-dir/
\ No newline at end of file
+dir/
+MyExcelFile.xls
\ No newline at end of file
diff --git a/MyExcelFile.xls b/MyExcelFile.xls
deleted file mode 100644
index 037011c..0000000
Binary files a/MyExcelFile.xls and /dev/null differ

Vaishnawi Pardeshi@IB-SEZ-LAP-938 MINGW32 ~/Desktop/Git Practice (master)
$ git log -p -1
commit fe4767a0a1479defe5869a7fbe8f7ba139bdd1ce (HEAD -> master)
Author: Vaishnavi <vaishnavi@gmail.com>
Date:   Thu Nov 3 14:43:52 2022 +0530

    Done3

diff --git a/GitCommands.txt b/GitCommands.txt
index b52d994..735944b 100644
--- a/GitCommands.txt
+++ b/GitCommands.txt
@@ -767,3 +767,102 @@ nothing to commit, working tree clean

 Vaishnawi Pardeshi@IB-SEZ-LAP-938 MINGW32 ~/Desktop/Git Practice (master)
 $ git mv Second.txt First.txt
+
+Vaishnawi Pardeshi@IB-SEZ-LAP-938 MINGW32 ~/Desktop/Git Practice (master)
+$ git status
+On branch master
+Changes to be committed:
+  (use "git restore --staged <file>..." to unstage)
+        renamed:    Second.txt -> First.txt
+
+Changes not staged for commit:
+  (use "git add <file>..." to update what will be committed)
+  (use "git restore <file>..." to discard changes in working directory)
+        modified:   GitCommands.txt
+

Vaishnawi Pardeshi@IB-SEZ-LAP-938 MINGW32 ~/Desktop/Git Practice (master)
$ git status
On branch master
Changes not staged for commit:
  (use "git add <file>..." to update what will be committed)
  (use "git restore <file>..." to discard changes in working directory)
        modified:   GitCommands.txt
        modified:   MyExcelFile.xls

Untracked files:
  (use "git add <file>..." to include in what will be committed)
        mintty.exe.stackdump

no changes added to commit (use "git add" and/or "git commit -a")

Vaishnawi Pardeshi@IB-SEZ-LAP-938 MINGW32 ~/Desktop/Git Practice (master)
$ git status
On branch master
Changes not staged for commit:
  (use "git add <file>..." to update what will be committed)
  (use "git restore <file>..." to discard changes in working directory)
        modified:   GitCommands.txt
        modified:   MyExcelFile.xls

no changes added to commit (use "git add" and/or "git commit -a")

Vaishnawi Pardeshi@IB-SEZ-LAP-938 MINGW32 ~/Desktop/Git Practice (master)
$ git log --stat
commit 2543cf4521646b87fd8ced96896ff4fcb3534da1 (HEAD -> master)
Author: Vaishnavi <vaishnavi@gmail.com>
Date:   Thu Nov 3 15:27:15 2022 +0530

    Done 4 Vaishnavi

 .gitignore      |   1 -
 GitCommands.txt |  19 +++++++++++++++++++
 MyExcelFile.xls | Bin 0 -> 19968 bytes
 3 files changed, 19 insertions(+), 1 deletion(-)

commit be9b35b4b61c7d60c4d639159b8f2694d7f12587
Author: Vaishnavi <vaishnavi@gmail.com>
Date:   Thu Nov 3 15:20:37 2022 +0530

    Commit GitCommands file

 GitCommands.txt | 37 +++++++++++++++++++++++++++++++++++++
 1 file changed, 37 insertions(+)

commit 30e8d0f5354f75467225ccd9760f046acd8186c9
Author: Vaishnavi <vaishnavi@gmail.com>
Date:   Thu Nov 3 15:14:52 2022 +0530

Vaishnawi Pardeshi@IB-SEZ-LAP-938 MINGW32 ~/Desktop/Git Practice (master)
$ git log --pretty=oneline
2543cf4521646b87fd8ced96896ff4fcb3534da1 (HEAD -> master) Done 4 Vaishnavi
be9b35b4b61c7d60c4d639159b8f2694d7f12587 Commit GitCommands file
30e8d0f5354f75467225ccd9760f046acd8186c9 Commit GitCommands file
0bfd83f313f36686f42402be7ca0b822426c9685 Change made
5afd4411236bcdf91f6fe5c6a5a35abfa62b4d44 Changed GitCommands.txt
fe4767a0a1479defe5869a7fbe8f7ba139bdd1ce Done3
ece04baceac6779cc2985b86321e62610bc009c4 Done2
5fdd712c475a02b6d90c2741b7492458a73fdb09 Done Commit
0b419eac9f3dc24602262f9a80cb02f44f2cdb5f renamed First.txt
fa09b6532e64eefd57ee24a2ed1182bbe8c6fc3f Modified
abd0c3fe14028723ff4a2b645e8bad0e473e274f Add First.txt
43c6279014f75ceffb2fb688b903018947de6a4e Direct Commit
69d24761e70c29bedf9035e639ef5b50e343ec53 Done
b31a057ad92bb27202c099ec4ff5008670e0d8f6 All changes done
8aaa3556b2e84389b976a9a0256169559adbf320 Modify GitCommands.txt
3c9064020e68349b33d95a84e88299506a61a6ea Add .gitignore
58634cd5e417a98689ef92b2ab4299b9a570f6ac Commit all files

Vaishnawi Pardeshi@IB-SEZ-LAP-938 MINGW32 ~/Desktop/Git Practice (master)
$ git log --pretty=short
commit 2543cf4521646b87fd8ced96896ff4fcb3534da1 (HEAD -> master)
Author: Vaishnavi <vaishnavi@gmail.com>

    Done 4 Vaishnavi

commit be9b35b4b61c7d60c4d639159b8f2694d7f12587
Author: Vaishnavi <vaishnavi@gmail.com>

    Commit GitCommands file

commit 30e8d0f5354f75467225ccd9760f046acd8186c9
Author: Vaishnavi <vaishnavi@gmail.com>

    Commit GitCommands file

commit 0bfd83f313f36686f42402be7ca0b822426c9685
Author: Vaishnavi <vaishnavi@gmail.com>

    Change made

commit 5afd4411236bcdf91f6fe5c6a5a35abfa62b4d44
Author: Vaishnavi <vaishnavi@gmail.com>


Vaishnawi Pardeshi@IB-SEZ-LAP-938 MINGW32 ~/Desktop/Git Practice (master)
$ git log --pretty=full
commit 2543cf4521646b87fd8ced96896ff4fcb3534da1 (HEAD -> master)
Author: Vaishnavi <vaishnavi@gmail.com>
Commit: Vaishnavi <vaishnavi@gmail.com>

    Done 4 Vaishnavi

commit be9b35b4b61c7d60c4d639159b8f2694d7f12587
Author: Vaishnavi <vaishnavi@gmail.com>
Commit: Vaishnavi <vaishnavi@gmail.com>

    Commit GitCommands file

commit 30e8d0f5354f75467225ccd9760f046acd8186c9
Author: Vaishnavi <vaishnavi@gmail.com>
Commit: Vaishnavi <vaishnavi@gmail.com>

    Commit GitCommands file

commit 0bfd83f313f36686f42402be7ca0b822426c9685
Author: Vaishnavi <vaishnavi@gmail.com>
Commit: Vaishnavi <vaishnavi@gmail.com>

    Change made

Vaishnawi Pardeshi@IB-SEZ-LAP-938 MINGW32 ~/Desktop/Git Practice (master)
$ git log --since=1.days
commit 2543cf4521646b87fd8ced96896ff4fcb3534da1 (HEAD -> master)
Author: Vaishnavi <vaishnavi@gmail.com>
Date:   Thu Nov 3 15:27:15 2022 +0530

    Done 4 Vaishnavi

commit be9b35b4b61c7d60c4d639159b8f2694d7f12587
Author: Vaishnavi <vaishnavi@gmail.com>
Date:   Thu Nov 3 15:20:37 2022 +0530

    Commit GitCommands file

commit 30e8d0f5354f75467225ccd9760f046acd8186c9
Author: Vaishnavi <vaishnavi@gmail.com>
Date:   Thu Nov 3 15:14:52 2022 +0530

    Commit GitCommands file

commit 0bfd83f313f36686f42402be7ca0b822426c9685
Author: Vaishnavi <vaishnavi@gmail.com>
Date:   Thu Nov 3 15:04:59 2022 +0530

    Change made

Vaishnawi Pardeshi@IB-SEZ-LAP-938 MINGW32 ~/Desktop/Git Practice (master)
$ git log --since=1.weeks
commit 2543cf4521646b87fd8ced96896ff4fcb3534da1 (HEAD -> master)
Author: Vaishnavi <vaishnavi@gmail.com>
Date:   Thu Nov 3 15:27:15 2022 +0530

    Done 4 Vaishnavi

commit be9b35b4b61c7d60c4d639159b8f2694d7f12587
Author: Vaishnavi <vaishnavi@gmail.com>
Date:   Thu Nov 3 15:20:37 2022 +0530

    Commit GitCommands file

commit 30e8d0f5354f75467225ccd9760f046acd8186c9
Author: Vaishnavi <vaishnavi@gmail.com>
Date:   Thu Nov 3 15:14:52 2022 +0530

    Commit GitCommands file

commit 0bfd83f313f36686f42402be7ca0b822426c9685
Author: Vaishnavi <vaishnavi@gmail.com>
Date:   Thu Nov 3 15:04:59 2022 +0530

    Change made

Vaishnawi Pardeshi@IB-SEZ-LAP-938 MINGW32 ~/Desktop/Git Practice (master)
$ git log --since=1.months
commit 2543cf4521646b87fd8ced96896ff4fcb3534da1 (HEAD -> master)
Author: Vaishnavi <vaishnavi@gmail.com>
Date:   Thu Nov 3 15:27:15 2022 +0530

    Done 4 Vaishnavi

commit be9b35b4b61c7d60c4d639159b8f2694d7f12587
Author: Vaishnavi <vaishnavi@gmail.com>
Date:   Thu Nov 3 15:20:37 2022 +0530

    Commit GitCommands file

commit 30e8d0f5354f75467225ccd9760f046acd8186c9
Author: Vaishnavi <vaishnavi@gmail.com>
Date:   Thu Nov 3 15:14:52 2022 +0530

    Commit GitCommands file

commit 0bfd83f313f36686f42402be7ca0b822426c9685
Author: Vaishnavi <vaishnavi@gmail.com>
Date:   Thu Nov 3 15:04:59 2022 +0530

    Change made

Vaishnawi Pardeshi@IB-SEZ-LAP-938 MINGW32 ~/Desktop/Git Practice (master)
$ git log --since=1.years
commit 2543cf4521646b87fd8ced96896ff4fcb3534da1 (HEAD -> master)
Author: Vaishnavi <vaishnavi@gmail.com>
Date:   Thu Nov 3 15:27:15 2022 +0530

    Done 4 Vaishnavi

commit be9b35b4b61c7d60c4d639159b8f2694d7f12587
Author: Vaishnavi <vaishnavi@gmail.com>
Date:   Thu Nov 3 15:20:37 2022 +0530

    Commit GitCommands file

commit 30e8d0f5354f75467225ccd9760f046acd8186c9
Author: Vaishnavi <vaishnavi@gmail.com>
Date:   Thu Nov 3 15:14:52 2022 +0530

    Commit GitCommands file

commit 0bfd83f313f36686f42402be7ca0b822426c9685
Author: Vaishnavi <vaishnavi@gmail.com>
Date:   Thu Nov 3 15:04:59 2022 +0530

    Change made

Vaishnawi Pardeshi@IB-SEZ-LAP-938 MINGW32 ~/Desktop/Git Practice (master)
$ git log --pretty=format:"%h -- %an"
2543cf4 -- Vaishnavi
be9b35b -- Vaishnavi
30e8d0f -- Vaishnavi
0bfd83f -- Vaishnavi
5afd441 -- Vaishnavi
fe4767a -- Vaishnavi
ece04ba -- Vaishnavi
5fdd712 -- Vaishnavi
0b419ea -- Vaishnavi
fa09b65 -- Vaishnavi
abd0c3f -- Vaishnavi
43c6279 -- Vaishnavi
69d2476 -- Vaishnavi
b31a057 -- Vaishnavi
8aaa355 -- Vaishnavi
3c90640 -- Vaishnavi
58634cd -- Vaishnavi

Vaishnawi Pardeshi@IB-SEZ-LAP-938 MINGW32 ~/Desktop/Git Practice (master)
$ git log --pretty=format:"%h -- %ae"
2543cf4 -- vaishnavi@gmail.com
be9b35b -- vaishnavi@gmail.com
30e8d0f -- vaishnavi@gmail.com
0bfd83f -- vaishnavi@gmail.com
5afd441 -- vaishnavi@gmail.com
fe4767a -- vaishnavi@gmail.com
ece04ba -- vaishnavi@gmail.com
5fdd712 -- vaishnavi@gmail.com
0b419ea -- vaishnavi@gmail.com
fa09b65 -- vaishnavi@gmail.com
abd0c3f -- vaishnavi@gmail.com
43c6279 -- vaishnavi@gmail.com
69d2476 -- vaishnavi@gmail.com
b31a057 -- vaishnavi@gmail.com
8aaa355 -- vaishnavi@gmail.com
3c90640 -- vaishnavi@gmail.com
58634cd -- vaishnavi@gmail.com

Vaishnawi Pardeshi@IB-SEZ-LAP-938 MINGW32 ~/Desktop/Git Practice (master)
$ git commit --amend
[master a2e9314] Done 4 Vaishnavi Pardeshi
 Date: Thu Nov 3 15:27:15 2022 +0530
 3 files changed, 19 insertions(+), 1 deletion(-)
 create mode 100644 MyExcelFile.xls

Vaishnawi Pardeshi@IB-SEZ-LAP-938 MINGW32 ~/Desktop/Git Practice (master)
$ git log
commit a2e93144e46305ebeb4a6f98edf7e6c5a166b298 (HEAD -> master)
Author: Vaishnavi <vaishnavi@gmail.com>
Date:   Thu Nov 3 15:27:15 2022 +0530

    Done 4 Vaishnavi Pardeshi

commit be9b35b4b61c7d60c4d639159b8f2694d7f12587
Author: Vaishnavi <vaishnavi@gmail.com>
Date:   Thu Nov 3 15:20:37 2022 +0530

    Commit GitCommands file

commit 30e8d0f5354f75467225ccd9760f046acd8186c9
Author: Vaishnavi <vaishnavi@gmail.com>
Date:   Thu Nov 3 15:14:52 2022 +0530

    Commit GitCommands file

commit 0bfd83f313f36686f42402be7ca0b822426c9685
Author: Vaishnavi <vaishnavi@gmail.com>
Date:   Thu Nov 3 15:04:59 2022 +0530

    Change made

Vaishnawi Pardeshi@IB-SEZ-LAP-938 MINGW32 ~/Desktop/Git Practice (master)
$ git status
On branch master
Changes not staged for commit:
  (use "git add <file>..." to update what will be committed)
  (use "git restore <file>..." to discard changes in working directory)
        modified:   GitCommands.txt
        modified:   MyExcelFile.xls

no changes added to commit (use "git add" and/or "git commit -a")

Vaishnawi Pardeshi@IB-SEZ-LAP-938 MINGW32 ~/Desktop/Git Practice (master)
$ git add .

Vaishnawi Pardeshi@IB-SEZ-LAP-938 MINGW32 ~/Desktop/Git Practice (master)
$ git status
On branch master
Changes to be committed:
  (use "git restore --staged <file>..." to unstage)
        modified:   GitCommands.txt
        modified:   MyExcelFile.xls


Vaishnawi Pardeshi@IB-SEZ-LAP-938 MINGW32 ~/Desktop/Git Practice (master)
$ git restore --staged GitCommands.txt

Vaishnawi Pardeshi@IB-SEZ-LAP-938 MINGW32 ~/Desktop/Git Practice (master)
$ git status
On branch master
Changes to be committed:
  (use "git restore --staged <file>..." to unstage)
        modified:   MyExcelFile.xls

Changes not staged for commit:
  (use "git add <file>..." to update what will be committed)
  (use "git restore <file>..." to discard changes in working directory)
        modified:   GitCommands.txt


Vaishnawi Pardeshi@IB-SEZ-LAP-938 MINGW32 ~/Desktop/Git Practice (master)
$ git status
On branch master
Changes to be committed:
  (use "git restore --staged <file>..." to unstage)
        modified:   MyExcelFile.xls

Changes not staged for commit:
  (use "git add <file>..." to update what will be committed)
  (use "git restore <file>..." to discard changes in working directory)
        modified:   GitCommands.txt
        modified:   MyExcelFile.xls


Vaishnawi Pardeshi@IB-SEZ-LAP-938 MINGW32 ~/Desktop/Git Practice (master)
$ git checkout -- MyExcelFile.xls

Vaishnawi Pardeshi@IB-SEZ-LAP-938 MINGW32 ~/Desktop/Git Practice (master)
$ git status
On branch master
Changes to be committed:
  (use "git restore --staged <file>..." to unstage)
        modified:   MyExcelFile.xls

Changes not staged for commit:
  (use "git add <file>..." to update what will be committed)
  (use "git restore <file>..." to discard changes in working directory)
        modified:   GitCommands.txt

Vaishnawi Pardeshi@IB-SEZ-LAP-938 MINGW32 ~/Desktop/Git Practice (master)
$ git remote

Vaishnawi Pardeshi@IB-SEZ-LAP-938 MINGW32 ~/Desktop/Git Practice (master)
$ git remote add origin git@github.com:vaishnavipardeshi2244/PracticeRepoIB.git

Vaishnawi Pardeshi@IB-SEZ-LAP-938 MINGW32 ~/Desktop/Git Practice (master)
$ git remote
origin

Vaishnawi Pardeshi@IB-SEZ-LAP-938 MINGW32 ~/Desktop/Git Practice (master)
$ git status
On branch master
nothing to commit, working tree clean

Vaishnawi Pardeshi@IB-SEZ-LAP-938 MINGW32 ~/Desktop/Git Practice (master)
$ git remote -v
origin  git@github.com:vaishnavipardeshi2244/PracticeRepoIB.git (fetch)
origin  git@github.com:vaishnavipardeshi2244/PracticeRepoIB.git (push)

Vaishnawi Pardeshi@IB-SEZ-LAP-938 MINGW32 ~/Desktop/Git Practice (master)
$ git push -u origin master
The authenticity of host 'github.com (20.207.73.82)' can't be established.
ED25519 key fingerprint is SHA256:+DiY3wvvV6TuJJhbpZisF/zLDA0zPMSvHdkr4UvCOqU.
This key is not known by any other names
Are you sure you want to continue connecting (yes/no/[fingerprint])? yes
Warning: Permanently added 'github.com' (ED25519) to the list of known hosts.
git@github.com: Permission denied (publickey).
fatal: Could not read from remote repository.

Please make sure you have the correct access rights
and the repository exists.

--------------------------------------------------------------------------------------------------------------------------------------------------------------------------------------------------------------------------------------------------------------------------------------------------------------------------------------------------------------------------------------------------------------------------------------------------------------------------------------------------------------------------------------------------------------------------------------------------------------------------------------------------------------------------------------------------------------------------------------------------------------------------------------------------------
ADDING NEW SSH KEY COMMANDS:

Vaishnawi Pardeshi@IB-SEZ-LAP-938 MINGW32 ~/Desktop/Git Practice (master)
$ ssh-keygen -t rsa -b ed25519 -C "vaishnavipardeshi2244@gmail.com"
Bits has bad value ed25519 (invalid)

Vaishnawi Pardeshi@IB-SEZ-LAP-938 MINGW32 ~/Desktop/Git Practice (master)
$ ssh-keygen -t rsa -b 4096 -C "vaishnavipardeshi2244@gmail.com"
Generating public/private rsa key pair.
Enter file in which to save the key (/c/Users/Vaishnawi Pardeshi/.ssh/id_rsa):
Enter passphrase (empty for no passphrase):
Enter same passphrase again:
Your identification has been saved in /c/Users/Vaishnawi Pardeshi/.ssh/id_rsa
Your public key has been saved in /c/Users/Vaishnawi Pardeshi/.ssh/id_rsa.pub
The key fingerprint is:
SHA256:090D+SuOcPfeXk9owuT7G749io3r6c5MZg8PHdskzRY vaishnavipardeshi2244@gmail.com
The key's randomart image is:
+---[RSA 4096]----+
|                 |
|             .   |
|            o  E |
|         . . +o .|
|        S . oo+= |
|         . +. B+ |
|        . .**o=.o|
|         o*+XB *o|
|          =@+BO+*|
+----[SHA256]-----+

Vaishnawi Pardeshi@IB-SEZ-LAP-938 MINGW32 ~/Desktop/Git Practice (master)
$ eval "$(ssh-agent -s)"
Agent pid 2030

Vaishnawi Pardeshi@IB-SEZ-LAP-938 MINGW32 ~/Desktop/Git Practice (master)
$ ssh-add ~/.ssh/id_ed25519
/c/Users/Vaishnawi Pardeshi/.ssh/id_ed25519: No such file or directory

Vaishnawi Pardeshi@IB-SEZ-LAP-938 MINGW32 ~/Desktop/Git Practice (master)
$ ssh-add ~/.ssh/id_rsa
Identity added: /c/Users/Vaishnawi Pardeshi/.ssh/id_rsa (vaishnavipardeshi2244@gmail.com)

Vaishnawi Pardeshi@IB-SEZ-LAP-938 MINGW32 ~/Desktop/Git Practice (master)
$ tail ~/.ssh/id_rsa.pub
ssh-rsa AAAAB3NzaC1yc2EAAAADAQABAAACAQDdEp0TG5jrOirFLA+MIJWYBc61JM2lxo1KGcVWsP/Ovi1GqQYboPjlBLvTEKC14Emm5YYwHiaV8TqzWC1R5NlX/XAdrhU3hbHqASYBqjMOrOJaxNZLWsOBD/EKy6F253/2kpfBE//U37S6BvHVkEyusWwvFiBIY02BlSp44v3GLx++Z30P0McnTU1e6eDVrSIyS0XIVWOR9QzQnLkiGfnODbUKlAa6tO568xLGWqGTYHX5p9TYgnLuDRq9Xvk2wo9pDvTe6Fr9rBDgTTaOlIDeaXU6JTmHwk4iBbw1cy1XPBbusk/5lTvguclP2RSSv9YeCkWeuNpgserDHb4bjIIKhZEB7REbE4AdroNAgsWC/J5o8ST9x73WA1tVX/ybsW7BVOoFcFZFbqep+QLU1r120VM2nLs3f77xmBQbT/OTcMx83BhAglF9rwc8wRN1VmjmDwFQLhRgQ/FKql8Dyyb+eUnCuum3PdnyMISQdDx9WDYLUj64ALmrzg1swzrVVVIaheuhk3CxF20wtsmXiT4K8zgX6plznfqexMvmWw34eTEnSxmZr8kBHTJcDhHWLnuZFVyr+UNbkYfaPGeeZJT57y5JAph2jtZ1BC6Xaq9QZ2S1kciprdqe93jw1i/Ut/zLFAI95ale1HJK/hLCGhz2spHfgN/0axCupmEykxAFBQ== vaishnavipardeshi2244@gmail.com
-------------------------------------------------------------------------------------------------------------------------------------------------------------------------------------------------------------------------------------------------------------------------------------------------------------------------------------------------------------------------------------------------------------------------------------------------------------------------------------------------------------------------------------------------------------------------------------------------------------------------------------------------------------------------------------------------------------------------------------------------------------------------------------------------


